// Jest Snapshot v1, https://goo.gl/fbAQLP

exports[`Test Snapshot  1`] = `
<div
  className="App"
>
  <h1>
    Hello
  </h1>
  <h1>
    Hello
  </h1>
</div>
`;

exports[`Test Snapshot using  jest 1`] = `
<div
  className="App"
>
  <h1>
    Hello
  </h1>
  <h1>
    Hello
  </h1>
</div>
`;
